[www.basantrubber.net/index.html]
[backblue.gif]
[fade.gif]
[index.html]
[maxcdn.bootstrapcdn.com/font-awesome/4.7.0/css/font-awesome.min.css]
[www.basantrubber.net/images/logo.png]
[www.basantrubber.net/aboutus.html]
[www.basantrubber.net/bundles/modernizr43eb]
[www.basantrubber.net/aboutus/MissionVision.html]
[www.basantrubber.net/aboutus/OurValues.html]
[www.basantrubber.net/Content/cssb8d0.css]
[www.basantrubber.net/aboutus/Management.html]
[www.basantrubber.net/aboutus/ResearchandDevelopment.html]
[www.basantrubber.net/aboutus/OurFacilities.html]
[www.basantrubber.net/products/RailwaysLocomotives.html]
[www.basantrubber.net/products/RailwaysWagons.html]
[www.basantrubber.net/products/RailwaysCoaches.html]
[www.basantrubber.net/products/CivilEngineering.html]
[www.basantrubber.net/products/Marine.html]
[www.basantrubber.net/products/RubberHoses.html]
[www.basantrubber.net/products/RubberProfiles.html]
[www.basantrubber.net/products/IndustrialApplication.html]
[www.basantrubber.net/services.html]
[www.basantrubber.net/more/OurClients.html]
[www.basantrubber.net/more/Careers.html]
[www.basantrubber.net/more/ContactUs.html]
[www.basantrubber.net/images/sliders/banner.jpg]
[www.basantrubber.net/images/sliders/s1.png]
[www.basantrubber.net/images/sliders/s2.png]
[www.basantrubber.net/images/sliders/s3.png]
[www.basantrubber.net/images/sliders/mobile-s1.jpg]
[www.basantrubber.net/images/sliders/mobile-s2.jpg]
[www.basantrubber.net/images/sliders/mobile-s3.jpg]
[www.basantrubber.net/images/about.png]
[www.basantrubber.net/images/about.jpg]
[www.basantrubber.net/images/about1.jpg]
[www.basantrubber.net/images/factory.png]
[www.basantrubber.net/images/makeinindialogo.jpg]
[www.basantrubber.net/images/products/railways.jpg]
[www.basantrubber.net/images/products/civil.jpg]
[www.basantrubber.net/images/products/marine.jpg]
[www.basantrubber.net/images/products/rubber-hoses.jpg]
[www.basantrubber.net/images/products/rubber-profiles.jpg]
[www.basantrubber.net/images/products/industrial.jpg]
[www.basantrubber.net/images/clients/ir.jpg]
[www.basantrubber.net/images/clients/bp.jpg]
[www.basantrubber.net/images/clients/hp.jpg]
[www.basantrubber.net/images/clients/io.jpg]
[www.basantrubber.net/images/clients/dlw.jpg]
[www.basantrubber.net/images/clients/clw.jpg]
[www.basantrubber.net/images/logo-footer.png]
[www.basantrubber.net/products/railwayslocomotives-2.html]
[www.basantrubber.net/more/ourclients-2.html]
[www.basantrubber.net/more/careers-2.html]
[www.basantrubber.net/more/contactus-2.html]
[www.basantrubber.net/bundles/jqueryajax3b58]
[www.basantrubber.net/bundles/jqueryValc077]
[www.basantrubber.net/index.html]
[maxcdn.bootstrapcdn.com/font-awesome/4.7.0/css/font-awesome.min.css]
[www.basantrubber.net/fonts/lgd641.eot]
[www.basantrubber.net/fonts/lgd41d.eot]
[www.basantrubber.net/fonts/lgd641.woff]
[www.basantrubber.net/fonts/lgd641.ttf]
[www.basantrubber.net/fonts/Flaticon.eot]
[www.basantrubber.net/fonts/Flaticond41d.eot]
[www.basantrubber.net/fonts/Flaticon.woff]
[www.basantrubber.net/fonts/Flaticon.ttf]
[www.basantrubber.net/images/bg.jpg]
[www.basantrubber.net/bundles/customa73f]
[www.basantrubber.net/images/bg.png]
[www.basantrubber.net/images/why-bg.jpg]
[www.basantrubber.net/Content/cssb8d0.css]
[www.basantrubber.net/images/aboutus/about-bg.jpg]
[www.basantrubber.net/images/aboutus/about1.jpg]
[www.basantrubber.net/images/aboutus/about.jpg]
[www.basantrubber.net/images/aboutus/about2.jpg]
[www.basantrubber.net/aboutus.html]
[www.basantrubber.net/images/aboutus/mission-bg.jpg]
[www.basantrubber.net/images/aboutus/mission.jpg]
[www.basantrubber.net/aboutus/MissionVision.html]
[www.basantrubber.net/bundles/scripteaa6]
[www.basantrubber.net/images/aboutus/values-bg.jpg]
[www.basantrubber.net/images/aboutus/values.jpg]
[www.basantrubber.net/aboutus/OurValues.html]
[www.basantrubber.net/images/aboutus/team-bg.jpg]
[www.basantrubber.net/images/dummy.png]
[www.basantrubber.net/aboutus/Management.html]
[www.basantrubber.net/images/aboutus/research-bg.jpg]
[www.basantrubber.net/images/ISO2015-cert.jpg]
[www.basantrubber.net/images/ISO2015-cert-thumb.jpg]
[www.basantrubber.net/aboutus/ResearchandDevelopment.html]
[www.basantrubber.net/images/facility/Facility-bg.jpg]
[www.basantrubber.net/aboutus/OurFacilities.html]
[www.basantrubber.net/images/products/product-bg.jpg]
[www.basantrubber.net/images/products/bigger-image/railways.jpg]
[www.basantrubber.net/images/products/bigger-image/railways-electric-locomotives.jpg]
[www.basantrubber.net/images/products/railways-electric-locomotives.jpg]
[www.basantrubber.net/images/products/bigger-image/railways-TPU.jpg]
[www.basantrubber.net/images/products/railways-TPU.jpg]
[www.basantrubber.net/images/products/bigger-image/railways-TPU2.jpg]
[www.basantrubber.net/images/products/railways-TPU2.jpg]
[www.basantrubber.net/products/RailwaysLocomotives.html]
[www.basantrubber.net/images/products/bigger-image/railways-wagons.jpg]
[www.basantrubber.net/images/products/railways-wagons.jpg]
[www.basantrubber.net/products/RailwaysWagons.html]
[www.basantrubber.net/images/products/bigger-image/railwayscoachItems.jpg]
[www.basantrubber.net/images/products/railwayscoachItems.jpg]
[www.basantrubber.net/images/products/bigger-image/railways-LHBCoaches.jpg]
[www.basantrubber.net/images/products/railways-LHBCoaches.jpg]
[www.basantrubber.net/images/products/bigger-image/railways-locomotives-coaches.jpg]
[www.basantrubber.net/images/products/railways-locomotives-coaches.jpg]
[www.basantrubber.net/products/RailwaysCoaches.html]
[www.basantrubber.net/images/products/bigger-image/civil.jpg]
[www.basantrubber.net/products/CivilEngineering.html]
[www.basantrubber.net/images/products/bigger-image/marine.jpg]
[www.basantrubber.net/images/products/bigger-image/marine2.jpg]
[www.basantrubber.net/images/products/marine2.jpg]
[www.basantrubber.net/products/Marine.html]
[www.basantrubber.net/images/products/bigger-image/rubber-hoses.jpg]
[www.basantrubber.net/products/RubberHoses.html]
[www.basantrubber.net/images/products/bigger-image/rubber-profiles.jpg]
[www.basantrubber.net/images/products/bigger-image/rubber-profiles2.jpg]
[www.basantrubber.net/images/products/rubber-profiles2.jpg]
[www.basantrubber.net/products/RubberProfiles.html]
[www.basantrubber.net/images/products/bigger-image/marine3.jpg]
[www.basantrubber.net/images/products/marine3.jpg]
[www.basantrubber.net/images/products/bigger-image/railways-bellows.jpg]
[www.basantrubber.net/images/products/railways-bellows.jpg]
[www.basantrubber.net/images/products/bigger-image/railways-bushes.jpg]
[www.basantrubber.net/images/products/railways-bushes.jpg]
[www.basantrubber.net/products/IndustrialApplication.html]
[www.basantrubber.net/images/service-bg.jpg]
[www.basantrubber.net/services.html]
[www.basantrubber.net/images/client-bg.jpg]
[www.basantrubber.net/images/clients.jpg]
[www.basantrubber.net/more/OurClients.html]
[www.basantrubber.net/images/career-bg.jpg]
[www.basantrubber.net/more/Careers.html]
[www.basantrubber.net/images/contactus/contact-bg.jpg]
[www.basantrubber.net/images/contactus/address.png]
[www.basantrubber.net/images/contactus/phone.png]
[www.basantrubber.net/images/contactus/fax.png]
[www.basantrubber.net/images/contactus/email.png]
[www.basantrubber.net/images/contactus/web.png]
[www.basantrubber.net/more/ContactUs.html]
[www.basantrubber.net/products/railwayslocomotives-2.html]
[www.basantrubber.net/more/ourclients-2.html]
[www.basantrubber.net/more/careers-2.html]
[www.basantrubber.net/more/contactus-2.html]
[www.basantrubber.net/Content/fonts/slick.html]
[www.basantrubber.net/Content/fonts/slickd41d.html]
[www.basantrubber.net/Content/fonts/slick-2.html]
[www.basantrubber.net/fonts/lgd641.html]
[www.basantrubber.net/img/vimeo-play.html]
[www.basantrubber.net/img/video-play.html]
[www.basantrubber.net/img/youtube-play.html]
[www.basantrubber.net/img/loading.html]
[www.basantrubber.net/fonts/Flaticon.html]
